// Jest Snapshot v1, https://goo.gl/fbAQLP

exports[`matches the snapshot 1`] = `
<form
  className="video-form"
  data-testid="video-form"
  onSubmit={[Function]}
>
  <div
    className="md:flex md:items-center mb-6"
  >
    <div
      className="md:w-1/3"
    >
      <label
        className="block text-gray-500 font-bold md:text-right mb-1 md:mb-0 pr-4"
      >
        Title
      </label>
    </div>
    <div
      className=""
    >
      <input
        className="form-control bg-gray-200 appearance-none border-2 border-gray-200 rounded w-full py-2 px-4 text-gray-700 leading-tight focus:outline-none focus:bg-white focus:border-purple-500"
        id="title"
        name="title"
        onBlur={[Function]}
        onChange={[Function]}
        required={true}
        type="text"
        value=""
      />
    </div>
  </div>
  <div
    className="md:flex md:items-center mb-6"
  >
    <div
      className="md:w-1/3"
    >
      <label
        className="block text-gray-500 font-bold md:text-right mb-1 md:mb-0 pr-4"
      >
        File
      </label>
    </div>
    <div
      className=""
    >
      <input
        accept="video/mp4, video/mov"
        className="form-control bg-gray-200 appearance-none border-2 border-gray-200 rounded w-full py-2 px-4 text-gray-700 leading-tight focus:outline-none focus:bg-white focus:border-purple-500"
        id="file"
        name="file"
        required={true}
        type="file"
      />
    </div>
  </div>
  <div
    className="mb-3"
  >
    <div
      className="md:flex md:items-center mb-6"
    >
      <div
        className="md:w-1/3"
      >
        <label
          className="block text-gray-500 font-bold md:text-right mb-1 md:mb-0 pr-4"
        >
          Category
        </label>
      </div>
      <div
        className=""
      >
        <select
          className="form-select"
          id="category"
          name="category_id"
          onBlur={[Function]}
          onChange={[Function]}
          required={true}
          value=""
        >
          <option />
        </select>
      </div>
    </div>
  </div>
  <div
    className="md:flex md:items-center"
  >
    <div
      className="md:w-1/3"
    />
    <div
      className="md:w-2/3"
    >
      <button
        className="bg-white hover:bg-gray-100 text-gray-800 font-semibold py-2 px-4 border border-gray-400 rounded shadow"
        type="submit"
        value="Submit"
      >
        Upload
      </button>
    </div>
  </div>
</form>
`;
